     1	The Bustle in a House
     2	The Morning after Death
     3	Is solemnest of industries
     4	Enacted opon Earth –
     5	
     6	The Sweeping up the Heart
     7	And putting Love away
     8	We shall not want to use again
     9	Until Eternity –
