     1	The Bustle in a House
     2	The Morning after Death
     3	Is solemnest of industries
     4	Enacted opon Earth –

     5	The Sweeping up the Heart
     6	And putting Love away
     7	We shall not want to use again
     8	Until Eternity –
