     1	Don’t worry, spiders,
     2	I keep house
     3	casually.
     4	The Bustle in a House
     5	The Morning after Death
     6	Is solemnest of industries
     7	Enacted opon Earth –
     8	
     9	The Sweeping up the Heart
    10	And putting Love away
    11	We shall not want to use again
    12	Until Eternity –
